// Vitest Snapshot v1, https://vitest.dev/guide/snapshot.html

exports[`checks Cell componenet > matches snapshot 1`] = `[Function]`;
