// Vitest Snapshot v1, https://vitest.dev/guide/snapshot.html

exports[`checks ToDo List componenet > matches snapshot 1`] = `[Function]`;
