// Vitest Snapshot v1, https://vitest.dev/guide/snapshot.html

exports[`matches snapshot 1`] = `
<DocumentFragment>
  <div
    class="Card"
  >
    <h4
      class="Card-title"
    >
      testing image 1
    </h4>
    <img
      alt="testing image 1"
      class="Card-image"
      src="testing image 1"
    />
    <small
      class="Card-small"
    >
      Image 0 of 0.
    </small>
  </div>
</DocumentFragment>
`;
