// Vitest Snapshot v1, https://vitest.dev/guide/snapshot.html

exports[`matches snapshot 1`] = `
<DocumentFragment>
  <h5>
    Click the button to start the game!
  </h5>
</DocumentFragment>
`;
